// Jest Snapshot v1, https://goo.gl/fbAQLP

exports[`PopoverGap snapshots should render PopoverInsets 1`] = `
<DocumentFragment>
  <div
    class="css-1wfopar PopoverItem PopoverItem--light"
    data-test-box=""
    data-test-popover-item="0"
  >
    <div
      class="css-1jnxvbp PopoverItem__checkIcon PopoverItem__checkIcon--light PopoverItem__checkIcon--selected PopoverItem__checkIcon--selected--light Icon Icon--light Icon--neutral1 Icon--neutral1--light"
      data-test-icon="check"
      height="12"
      name="Check"
      width="12"
    />
    <div
      class="css-1jnxvbp PopoverItem__icon PopoverItem__icon--light Icon Icon--light Icon--neutral1 Icon--neutral1--light"
      data-test-icon="padding-b"
      height="12"
      name="PaddingB"
      width="12"
    />
    <small
      class="css-1jnxvbp PopoverItem__text PopoverItem__text--light Typography Typography--light Typography--neutral1 Typography--neutral1--light Typography--regular Typography--regular--light Typography--normal Typography--normal--light Typography--small Typography--small--light"
      data-test-text=""
      style="text-align: inherit;"
    >
      Fixed padding (1)
    </small>
  </div>
</DocumentFragment>
`;

exports[`PopoverGap snapshots should render with mixed value 1`] = `
<DocumentFragment>
  <div
    class="css-1wfopar PopoverItem PopoverItem--light"
    data-test-box=""
    data-test-popover-item="0"
  >
    <div
      class="css-1jnxvbp PopoverItem__checkIcon PopoverItem__checkIcon--light Icon Icon--light Icon--neutral1 Icon--neutral1--light"
      data-test-icon="check"
      height="12"
      name="Check"
      width="12"
    />
    <div
      class="css-1jnxvbp PopoverItem__icon PopoverItem__icon--light Icon Icon--light Icon--neutral1 Icon--neutral1--light"
      data-test-icon="padding-b"
      height="12"
      name="PaddingB"
      width="12"
    />
    <small
      class="css-1jnxvbp PopoverItem__text PopoverItem__text--light Typography Typography--light Typography--neutral1 Typography--neutral1--light Typography--regular Typography--regular--light Typography--normal Typography--normal--light Typography--small Typography--small--light"
      data-test-text=""
      style="text-align: inherit;"
    >
      Fixed padding (1)
    </small>
  </div>
</DocumentFragment>
`;
