// Jest Snapshot v1, https://goo.gl/fbAQLP

exports[`MultipleElementsArea snapshots should not render MultipleElementsArea 1`] = `<DocumentFragment />`;

exports[`MultipleElementsArea snapshots should render MultipleElementsArea 1`] = `
<DocumentFragment>
  <svg
    class="ClickableArea ClickableArea--light"
    data-test-outline=""
    style="height: 101.5px; left: -0.75px; top: -0.75px; width: 101.5px;"
  >
    <path
      class="ClickableArea__outline ClickableArea__outline--light"
      d="M 0,0 H 101.5 V 101.5 H 0 V 0"
      stroke-width="1.5"
    />
  </svg>
  <svg
    class="ClickableArea ClickableArea--light"
    data-test-rect="test-1"
    style="height: 100px; left: 0px; pointer-events: all; top: 0px; width: 100px;"
  >
    <rect
      fill="none"
      height="100"
      width="100"
      x="0"
      y="0"
    />
  </svg>
  <svg
    class="ClickableArea ClickableArea--light"
    data-test-rect="2"
    style="height: 100px; left: 0px; pointer-events: all; top: 0px; width: 100px;"
  >
    <rect
      fill="none"
      height="100"
      width="100"
      x="0"
      y="0"
    />
  </svg>
  <svg
    class="Corners Corners--light"
    style="height: 101.5px; left: -0.75px; top: -0.75px; width: 101.5px;"
  >
    <rect
      height="6"
      rx="1.5"
      width="6"
      x="-3"
      y="-3"
    />
    <rect
      height="6"
      rx="1.5"
      width="6"
      x="-3"
      y="97"
    />
    <rect
      height="6"
      rx="1.5"
      width="6"
      x="97"
      y="-3"
    />
    <rect
      height="6"
      rx="1.5"
      width="6"
      x="97"
      y="97"
    />
  </svg>
</DocumentFragment>
`;
