// Jest Snapshot v1, https://goo.gl/fbAQLP

exports[`RefsProvider snapshots should redner RefsProvider 1`] = `
<DocumentFragment>
  children
</DocumentFragment>
`;
