// Jest Snapshot v1, https://goo.gl/fbAQLP

exports[`MainPanel snapshots should render MainPanel 1`] = `
<DocumentFragment>
  <div
    class="css-1jnxvbp Section Section--light"
    data-test-section=""
  >
    <div
      class="css-kp4ill"
      data-test-box=""
    >
      <small
        class="css-1jnxvbp Section__label Section__label--light Typography Typography--light Typography--neutral1 Typography--neutral1--light Typography--regular Typography--regular--light Typography--normal Typography--normal--light Typography--small Typography--small--light"
        data-test-text=""
        style="text-align: inherit;"
      >
        Page
      </small>
      <div
        class="css-1f1atqu"
        data-test-box=""
      />
    </div>
    <div
      class="css-1jnxvbp SectionColumn SectionColumn--light"
      data-test-section=""
    >
      <div
        class="css-lxhfcz SectionColumn__labels SectionColumn__labels--light"
        data-test-box=""
        style="width: calc(100% - 24px - 0px - 8px);"
      />
      <div
        class="css-1r00qlg"
        data-test-box=""
      >
        <div
          class="css-1m2m6pt SectionColumn__content SectionColumn__content--light SectionColumn__content--single SectionColumn__content--single--light"
          data-test-box=""
          style="width: calc(100% - 24px - 0px - 8px);"
        >
          <div
            class="css-1jnxvbp FieldGroup FieldGroup--light"
            data-test-field-group=""
          >
            <div
              class="css-1jnxvbp ColorPicker__hexInput ColorPicker__hexInput--light TextField TextField--light"
              data-test-text-field="color"
            >
              <div
                aria-describedby="test-id"
                class="css-1jnxvbp"
                data-test-box=""
              >
                <div
                  class="css-1axzf39 Color Color--light"
                  data-test-color=""
                >
                  <div
                    class="css-agg4zg Color__picker Color__picker--light"
                    data-test-box=""
                    style="background-color: rgb(241, 242, 246);"
                  />
                  <div
                    class="css-agg4zg Color__picker-alpha Color__picker-alpha--light"
                    data-test-box=""
                    style="background-color: rgb(241, 242, 246);"
                  />
                  <div
                    class="css-hnxq09 Color__picker-texture Color__picker-texture--light"
                    data-test-box=""
                  />
                </div>
              </div>
              <input
                class="TextField__input TextField__input--light"
                data-test-text-field-input="color"
                maxlength="6"
                value="f1f2f6"
              />
            </div>
            <div
              class="css-1jnxvbp ColorPicker__alphaInput ColorPicker__alphaInput--light TextField TextField--light"
              data-test-text-field="alpha"
            >
              <input
                class="TextField__input TextField__input--light"
                data-test-text-field-input="alpha"
                max="100"
                maxlength="6"
                min="0"
                type="number"
                value="100"
              />
              <div
                class="css-e5vky9 ScrubbableInput ScrubbableInput--light"
                data-test-box=""
                data-test-scrubbable-input=""
              >
                <div
                  class="ColorPicker__alphaInputUnit ColorPicker__alphaInputUnit--light"
                >
                  %
                </div>
              </div>
            </div>
          </div>
        </div>
        <div
          class="css-c1qms7"
          data-test-box=""
        >
          <div
            class="css-1jnxvbp ButtonIcon ButtonIcon--light"
            data-test-button-icon=""
          >
            <div
              class="css-1jnxvbp Icon Icon--light Icon--neutral1 Icon--neutral1--light"
              data-test-icon="eyes-opened"
              height="14"
              name="EyesOpened"
              width="14"
            />
          </div>
        </div>
      </div>
    </div>
  </div>
</DocumentFragment>
`;

exports[`MainPanel snapshots should render proptype section 1`] = `<DocumentFragment />`;
