// Jest Snapshot v1, https://goo.gl/fbAQLP

exports[`ViewBox snapshots should render ViewBox 1`] = `
<DocumentFragment>
  <div
    class="css-mu34gm ViewBox ViewBox--light ZoomBox ZoomBox--light ZoomBox--idle ZoomBox--idle--light ZoomBox--default ZoomBox--default--light"
    data-test-box="zoom-box"
    tabindex="0"
  >
    <div
      class="css-wcnq0t ZoomBox__background-mask ZoomBox__background-mask--light"
      data-test-box=""
      style="background-color: rgb(241, 242, 246); display: initial;"
    />
    <div
      class="css-wcnq0t ZoomBox__texture-blank ZoomBox__texture-blank--light"
      data-test-box=""
      style="transform: translate(0px, 0px) scale(1);"
    />
    <div
      class="css-fw1hyy ZoomBox__zoom-content ZoomBox__zoom-content--light"
      data-test-box=""
      style="transform: translate(0px, 0px) scale(1);"
    >
      <div
        class="css-13fj95k"
        data-test-box=""
        id="overlayContainer"
        style="z-index: var(--xd-page-builder-zindex-overlay-container);"
      />
    </div>
  </div>
</DocumentFragment>
`;
