// Jest Snapshot v1, https://goo.gl/fbAQLP

exports[`FieldGroup snapshots should render FieldGroup 1`] = `
<DocumentFragment>
  <div
    class="css-wcnq0t FieldGroup FieldGroup--light"
    data-test-field-group=""
  >
    children
  </div>
</DocumentFragment>
`;
