// Jest Snapshot v1, https://goo.gl/fbAQLP

exports[`ViewBox snapshots should render ViewBox 1`] = `
<DocumentFragment>
  <div
    class="css-117yijb ViewBox ViewBox--light ZoomBox ZoomBox--light ZoomBox--idle ZoomBox--idle--light ZoomBox--default ZoomBox--default--light"
    data-test-box="zoom-box"
    tabindex="0"
  >
    <div
      class="css-1jnxvbp ZoomBox__backgroundMask ZoomBox__backgroundMask--light"
      data-test-box="zoom-box-background-mask"
      style="background-color: rgb(30, 38, 47); display: initial;"
    />
    <div
      class="css-1jnxvbp ZoomBox__textureBlank ZoomBox__textureBlank--light"
      data-test-box=""
      style="transform: translate(0px, 0px) scale(1);"
    />
    <div
      class="css-1j4c14e ZoomBox__zoomContent ZoomBox__zoomContent--light"
      data-test-box=""
      id="zoomContentId"
      style="transform: translate(0px, 0px) scale(1);"
    >
      <div
        class="css-1jnxvbp Elements__element Elements__element--light Frame Frame--light Element Element--light"
        data-status="false"
        data-test-element="mh4tqqqh1761308731096"
        id="mh4tqqqh1761308731096"
        style="box-sizing: content-box; align-items: flex-start; display: flex; flex-direction: column; justify-content: flex-start; row-gap: 0px; left: 533px; top: 387px; transform: rotate(0deg) translate(0, 0); transform-origin: center center; background-color: rgb(255, 255, 255); height: 257px; position: absolute; width: 287px;"
      >
        <div
          class="css-1jnxvbp Frame__wrapper Frame__wrapper--light"
          data-test-box=""
          style="height: 257px; left: 533px; top: 387px; transform: rotate(0deg); width: 287px;"
        >
          <small
            class="css-1jnxvbp Frame__label Frame__label--light Frame__label--top Frame__label--top--light Typography Typography--light Typography--neutral1 Typography--neutral1--light Typography--regular Typography--regular--light Typography--normal Typography--normal--light Typography--small Typography--small--light"
            data-test-text=""
            style="text-align: inherit;"
          >
            Frame
          </small>
        </div>
      </div>
      <div
        class="css-u5h2b"
        data-test-box=""
        id="overlayContainer"
        style="z-index: var(--xd-page-builder-zindex-overlay-container);"
      />
    </div>
  </div>
</DocumentFragment>
`;
