// Jest Snapshot v1, https://goo.gl/fbAQLP

exports[`Corners snapshots should render Corners 1`] = `
<DocumentFragment>
  <svg
    class="Corners Corners--light"
    style="height: 0px; left: 0px; top: 0px; width: 0px;"
  >
    <rect
      height="6"
      rx="1.5"
      width="6"
      x="-3"
      y="-3"
    />
    <rect
      height="6"
      rx="1.5"
      width="6"
      x="-3"
      y="-4.5"
    />
    <rect
      height="6"
      rx="1.5"
      width="6"
      x="-4.5"
      y="-3"
    />
    <rect
      height="6"
      rx="1.5"
      width="6"
      x="-4.5"
      y="-4.5"
    />
  </svg>
</DocumentFragment>
`;
